---
"./spec/rspec/cheki_spec.rb[1:2]": |
  foo
  bar
  baz
